2026-08-19 18:19:48 [main] INFO  traceId= spanId= c.g.j.s.GenAiJavaSpringApplicationTests - Starting GenAiJavaSpringApplicationTests using Java 25.0.4 with PID 24448 (started by asons in C:\Users\asons\OneDrive\Documents\Interview_Notes\Assignment\gen-ai-java-spring\gen-ai-java-spring)
2026-08-19 18:19:48 [main] INFO  traceId= spanId= c.g.j.s.GenAiJavaSpringApplicationTests - No active profile set, falling back to 1 default profile: "default"
2026-08-19 18:19:54 [main] INFO  traceId= spanId= c.g.j.s.GenAiJavaSpringApplicationTests - Started GenAiJavaSpringApplicationTests in 7.579 seconds (process running for 16.785)
2026-08-19 18:20:46 [main] INFO  traceId= spanId= c.g.j.s.GenAiJavaSpringApplication - Starting GenAiJavaSpringApplication using Java 25.0.4 with PID 25492 (C:\Users\asons\OneDrive\Documents\Interview_Notes\Assignment\gen-ai-java-spring\gen-ai-java-spring\target\classes started by asons in C:\Users\asons\OneDrive\Documents\Interview_Notes\Assignment\gen-ai-java-spring\gen-ai-java-spring)
2026-08-19 18:20:46 [main] INFO  traceId= spanId= c.g.j.s.GenAiJavaSpringApplication - No active profile set, falling back to 1 default profile: "default"
2026-08-19 18:20:49 [main] INFO  traceId= spanId= o.s.b.w.e.tomcat.TomcatWebServer - Tomcat initialized with port 8081 (http)
2026-08-19 18:20:49 [main] INFO  traceId= spanId= o.a.coyote.http11.Http11NioProtocol - Initializing ProtocolHandler ["http-nio-8081"]
2026-08-19 18:20:49 [main] INFO  traceId= spanId= o.a.catalina.core.StandardService - Starting service [Tomcat]
2026-08-19 18:20:49 [main] INFO  traceId= spanId= o.a.catalina.core.StandardEngine - Starting Servlet engine: [Apache Tomcat/10.1.49]
2026-08-19 18:20:49 [main] INFO  traceId= spanId= o.a.c.c.C.[Tomcat].[localhost].[/] - Initializing Spring embedded WebApplicationContext
2026-08-19 18:20:49 [main] INFO  traceId= spanId= o.s.b.w.s.c.ServletWebServerApplicationContext - Root WebApplicationContext: initialization completed in 2823 ms
2026-08-19 18:20:51 [main] INFO  traceId= spanId= o.a.coyote.http11.Http11NioProtocol - Starting ProtocolHandler ["http-nio-8081"]
2026-08-19 18:20:51 [main] INFO  traceId= spanId= o.s.b.w.e.tomcat.TomcatWebServer - Tomcat started on port 8081 (http) with context path '/'
2026-08-19 18:20:51 [main] INFO  traceId= spanId= c.g.j.s.GenAiJavaSpringApplication - Started GenAiJavaSpringApplication in 7.108 seconds (process running for 8.765)
2026-08-19 18:21:32 [http-nio-8081-exec-2] INFO  traceId= spanId= o.a.c.c.C.[Tomcat].[localhost].[/] - Initializing Spring DispatcherServlet 'dispatcherServlet'
2026-08-19 18:21:32 [http-nio-8081-exec-2] INFO  traceId= spanId= o.s.web.servlet.DispatcherServlet - Initializing Servlet 'dispatcherServlet'
2026-08-19 18:21:32 [http-nio-8081-exec-2] INFO  traceId= spanId= o.s.web.servlet.DispatcherServlet - Completed initialization in 2 ms
2026-08-19 18:21:34 [http-nio-8081-exec-2] INFO  traceId= spanId= c.g.j.s.m.i.ProductController - Received File : red-dress.jpeg (2259655 bytes) with description: Elegant red evening dress with a fitted waist and flowing skirt, perfect for formal occasions.
2026-08-19 18:26:04 [http-nio-8081-exec-5] INFO  traceId= spanId= c.g.j.s.m.i.ProductController - Received File : dog.png (2244350 bytes) with description: Luxury handbag
2026-08-19 19:57:23 [SpringApplicationShutdownHook] INFO  traceId= spanId= o.s.b.w.e.tomcat.GracefulShutdown - Commencing graceful shutdown. Waiting for active requests to complete
