2026-08-07 07:00:58 [SpringApplicationShutdownHook] INFO  traceId= spanId= o.s.boot.tomcat.GracefulShutdown - Commencing graceful shutdown. Waiting for active requests to complete
2026-08-07 07:00:59 [tomcat-shutdown] INFO  traceId= spanId= o.s.boot.tomcat.GracefulShutdown - Graceful shutdown complete
2026-08-07 12:53:14 [main] INFO  traceId= spanId= c.g.j.s.GenAiJavaSpringApplication - Starting GenAiJavaSpringApplication using Java 20 with PID 19512 (C:\Users\asons\OneDrive\Documents\Interview_Notes\Assignment\gen-ai-java-spring\gen-ai-java-spring\target\classes started by asons in C:\Users\asons\OneDrive\Documents\Interview_Notes\Assignment\gen-ai-java-spring\gen-ai-java-spring)
2026-08-07 12:53:14 [main] INFO  traceId= spanId= c.g.j.s.GenAiJavaSpringApplication - No active profile set, falling back to 1 default profile: "default"
2026-08-07 12:53:18 [main] INFO  traceId= spanId= o.s.boot.tomcat.TomcatWebServer - Tomcat initialized with port 8081 (http)
2026-08-07 12:53:18 [main] INFO  traceId= spanId= o.a.coyote.http11.Http11NioProtocol - Initializing ProtocolHandler ["http-nio-8081"]
2026-08-07 12:53:18 [main] INFO  traceId= spanId= o.a.catalina.core.StandardService - Starting service [Tomcat]
2026-08-07 12:53:18 [main] INFO  traceId= spanId= o.a.catalina.core.StandardEngine - Starting Servlet engine: [Apache Tomcat/11.0.22]
2026-08-07 12:53:18 [main] INFO  traceId= spanId= o.s.b.w.c.s.WebApplicationContextInitializer - Root WebApplicationContext: initialization completed in 3509 ms
2026-08-07 12:53:21 [main] INFO  traceId= spanId= o.a.coyote.http11.Http11NioProtocol - Starting ProtocolHandler ["http-nio-8081"]
2026-08-07 12:53:21 [main] INFO  traceId= spanId= o.s.boot.tomcat.TomcatWebServer - Tomcat started on port 8081 (http) with context path '/'
2026-08-07 12:53:21 [main] INFO  traceId= spanId= c.g.j.s.GenAiJavaSpringApplication - Started GenAiJavaSpringApplication in 9.845 seconds (process running for 11.719)
2026-08-07 12:54:51 [http-nio-8081-exec-2] INFO  traceId= spanId= o.a.c.c.C.[Tomcat].[localhost].[/] - Initializing Spring DispatcherServlet 'dispatcherServlet'
2026-08-07 12:54:51 [http-nio-8081-exec-2] INFO  traceId= spanId= o.s.web.servlet.DispatcherServlet - Initializing Servlet 'dispatcherServlet'
2026-08-07 12:54:51 [http-nio-8081-exec-2] INFO  traceId= spanId= o.s.web.servlet.DispatcherServlet - Completed initialization in 2 ms
2026-08-07 20:02:27 [main] INFO  traceId= spanId= c.g.j.s.GenAiJavaSpringApplicationTests - Starting GenAiJavaSpringApplicationTests using Java 25.0.4 with PID 28440 (started by asons in C:\Users\asons\OneDrive\Documents\Interview_Notes\Assignment\gen-ai-java-spring\gen-ai-java-spring)
2026-08-07 20:02:27 [main] INFO  traceId= spanId= c.g.j.s.GenAiJavaSpringApplicationTests - No active profile set, falling back to 1 default profile: "default"
2026-08-07 20:02:34 [main] INFO  traceId= spanId= c.g.j.s.GenAiJavaSpringApplicationTests - Started GenAiJavaSpringApplicationTests in 8.778 seconds (process running for 16.031)
2026-08-07 20:14:55 [main] INFO  traceId= spanId= c.g.j.s.GenAiJavaSpringApplicationTests - Starting GenAiJavaSpringApplicationTests using Java 25.0.4 with PID 31188 (started by asons in C:\Users\asons\OneDrive\Documents\Interview_Notes\Assignment\gen-ai-java-spring\gen-ai-java-spring)
2026-08-07 20:14:55 [main] INFO  traceId= spanId= c.g.j.s.GenAiJavaSpringApplicationTests - No active profile set, falling back to 1 default profile: "default"
2026-08-07 20:15:03 [main] INFO  traceId= spanId= c.g.j.s.GenAiJavaSpringApplicationTests - Started GenAiJavaSpringApplicationTests in 9.16 seconds (process running for 18.787)
2026-08-07 20:16:44 [main] INFO  traceId= spanId= c.g.j.s.GenAiJavaSpringApplicationTests - Starting GenAiJavaSpringApplicationTests using Java 25.0.4 with PID 12852 (started by asons in C:\Users\asons\OneDrive\Documents\Interview_Notes\Assignment\gen-ai-java-spring\gen-ai-java-spring)
2026-08-07 20:16:44 [main] INFO  traceId= spanId= c.g.j.s.GenAiJavaSpringApplicationTests - No active profile set, falling back to 1 default profile: "default"
2026-08-07 20:16:50 [main] INFO  traceId= spanId= c.g.j.s.GenAiJavaSpringApplicationTests - Started GenAiJavaSpringApplicationTests in 8.053 seconds (process running for 14.235)
2026-08-07 20:22:59 [main] INFO  traceId= spanId= c.g.j.s.GenAiJavaSpringApplicationTests - Starting GenAiJavaSpringApplicationTests using Java 25.0.4 with PID 29576 (started by asons in C:\Users\asons\OneDrive\Documents\Interview_Notes\Assignment\gen-ai-java-spring\gen-ai-java-spring)
2026-08-07 20:22:59 [main] INFO  traceId= spanId= c.g.j.s.GenAiJavaSpringApplicationTests - No active profile set, falling back to 1 default profile: "default"
2026-08-07 20:23:05 [main] INFO  traceId= spanId= c.g.j.s.GenAiJavaSpringApplicationTests - Started GenAiJavaSpringApplicationTests in 7.58 seconds (process running for 16.503)
2026-08-07 21:00:24 [main] INFO  traceId= spanId= c.g.j.s.GenAiJavaSpringApplicationTests - Starting GenAiJavaSpringApplicationTests using Java 25.0.4 with PID 23168 (started by asons in C:\Users\asons\OneDrive\Documents\Interview_Notes\Assignment\gen-ai-java-spring\gen-ai-java-spring)
2026-08-07 21:00:24 [main] INFO  traceId= spanId= c.g.j.s.GenAiJavaSpringApplicationTests - No active profile set, falling back to 1 default profile: "default"
2026-08-07 21:00:29 [main] INFO  traceId= spanId= c.g.j.s.GenAiJavaSpringApplicationTests - Started GenAiJavaSpringApplicationTests in 6.485 seconds (process running for 15.218)
2026-08-07 21:09:55 [main] INFO  traceId= spanId= c.g.j.s.GenAiJavaSpringApplicationTests - Starting GenAiJavaSpringApplicationTests using Java 25.0.4 with PID 2500 (started by asons in C:\Users\asons\OneDrive\Documents\Interview_Notes\Assignment\gen-ai-java-spring\gen-ai-java-spring)
2026-08-07 21:09:55 [main] INFO  traceId= spanId= c.g.j.s.GenAiJavaSpringApplicationTests - No active profile set, falling back to 1 default profile: "default"
2026-08-07 21:10:01 [main] INFO  traceId= spanId= c.g.j.s.GenAiJavaSpringApplicationTests - Started GenAiJavaSpringApplicationTests in 6.999 seconds (process running for 14.014)
